Date: 2026-05-12T09:34:39.325Z
To: madiruba3@gmail.com
Subject: StudyFlow: Task due today

Study Data structures is scheduled for 09:00.

Open: /tasks

----
Date: 2026-05-12T09:34:39.327Z
To: madiruba3@gmail.com
Subject: StudyFlow: Task due today

Study Data structures is scheduled for 09:00.

Open: /tasks

----
Date: 2026-05-12T09:34:39.327Z
To: madiruba3@gmail.com
Subject: StudyFlow: Task due today

Study Data structures is scheduled for 11:10.

Open: /tasks

----
Date: 2026-05-12T09:34:39.327Z
To: madiruba3@gmail.com
Subject: StudyFlow: Task due today

Study Data structures is scheduled for 13:20.

Open: /tasks

----
Date: 2026-05-12T09:34:39.328Z
To: madiruba3@gmail.com
Subject: StudyFlow: Task due today

Study Data structures is scheduled for 09:00.

Open: /tasks

----
Date: 2026-05-12T09:34:39.328Z
To: madiruba3@gmail.com
Subject: StudyFlow: Task due today

Study Data structures is scheduled for 11:10.

Open: /tasks

----
Date: 2026-05-12T09:34:39.328Z
To: madiruba3@gmail.com
Subject: StudyFlow: Task due today

Study Data structures is scheduled for 13:20.

Open: /tasks

----
Date: 2026-05-12T09:34:39.328Z
To: madiruba3@gmail.com
Subject: StudyFlow: Task due today

Study Data structures is scheduled for 13:20.

Open: /tasks

----
Date: 2026-05-12T09:34:39.329Z
To: madiruba3@gmail.com
Subject: StudyFlow: Task due today

Study Data structures is scheduled for 11:10.

Open: /tasks

----
Date: 2026-05-12T09:34:39.330Z
To: madiruba3@gmail.com
Subject: StudyFlow: Task due today

Study Data structures is scheduled for 09:00.

Open: /tasks

----
Date: 2026-05-12T09:34:39.331Z
To: madiruba3@gmail.com
Subject: StudyFlow: Task due today

Study Data structures is scheduled for 09:00.

Open: /tasks

----
Date: 2026-05-12T09:34:39.331Z
To: madiruba3@gmail.com
Subject: StudyFlow: Task due today

Study Data structures is scheduled for 09:00.

Open: /tasks

----
Date: 2026-05-12T09:34:39.333Z
To: madiruba3@gmail.com
Subject: StudyFlow: Task due today

Study Data structures is scheduled for 13:20.

Open: /tasks

----
Date: 2026-05-12T09:34:39.333Z
To: madiruba3@gmail.com
Subject: StudyFlow: Task due today

Study Data structures is scheduled for 11:10.

Open: /tasks

----
Date: 2026-05-13T19:52:55.761Z
To: madiruba3@gmail.com
Subject: StudyFlow: Task overdue

Study Data structures is scheduled for 09:00.

Open: /tasks

----
Date: 2026-05-13T19:52:55.762Z
To: madiruba3@gmail.com
Subject: StudyFlow: Task overdue

Study Data structures is scheduled for 09:00.

Open: /tasks

----
Date: 2026-05-13T19:52:55.763Z
To: madiruba3@gmail.com
Subject: StudyFlow: Task overdue

Study Data structures is scheduled for 13:20.

Open: /tasks

----
Date: 2026-05-13T19:52:55.764Z
To: madiruba3@gmail.com
Subject: StudyFlow: Task overdue

Study Data structures is scheduled for 09:00.

Open: /tasks

----
Date: 2026-05-13T19:52:55.766Z
To: madiruba3@gmail.com
Subject: StudyFlow: Task overdue

Study Data structures is scheduled for 13:20.

Open: /tasks

----
Date: 2026-05-13T19:52:55.769Z
To: madiruba3@gmail.com
Subject: StudyFlow: Task overdue

Study Data structures is scheduled for 11:10.

Open: /tasks

----
Date: 2026-05-13T19:52:55.770Z
To: madiruba3@gmail.com
Subject: StudyFlow: Task overdue

Study Data structures is scheduled for 11:10.

Open: /tasks

----
Date: 2026-05-13T19:52:55.770Z
To: madiruba3@gmail.com
Subject: StudyFlow: Task overdue

Study Data structures is scheduled for 11:10.

Open: /tasks

----
Date: 2026-05-13T19:52:55.770Z
To: madiruba3@gmail.com
Subject: StudyFlow: Task overdue

Study Data structures is scheduled for 09:00.

Open: /tasks

----
Date: 2026-05-13T19:52:55.770Z
To: madiruba3@gmail.com
Subject: StudyFlow: Task overdue

Study Data structures is scheduled for 13:20.

Open: /tasks

----
Date: 2026-05-13T19:52:55.771Z
To: madiruba3@gmail.com
Subject: StudyFlow: Task overdue

Study Data structures is scheduled for 09:00.

Open: /tasks

----
Date: 2026-05-13T19:52:55.771Z
To: madiruba3@gmail.com
Subject: StudyFlow: Task overdue

Study Data structures is scheduled for 11:10.

Open: /tasks

----
Date: 2026-05-13T19:52:55.771Z
To: madiruba3@gmail.com
Subject: StudyFlow: Task overdue

Study Data structures is scheduled for 13:20.

Open: /tasks

----
Date: 2026-05-13T19:52:55.771Z
To: madiruba3@gmail.com
Subject: StudyFlow: Task overdue

Study Data structures is scheduled for 09:00.

Open: /tasks

----
Date: 2026-05-13T21:20:40.098Z
To: madiruba3@gmail.com
Subject: StudyFlow: Task overdue

Analyze Unique Bone Properties in Children is scheduled for 10:10.

Open: /tasks

----
Date: 2026-05-13T21:20:40.099Z
To: madiruba3@gmail.com
Subject: StudyFlow: Task due today

data exam is scheduled for 09:00.

Open: /tasks

----
Date: 2026-05-13T21:20:40.100Z
To: madiruba3@gmail.com
Subject: StudyFlow: Task overdue

Review Common Fracture Sites in Children is scheduled for 11:05.

Open: /tasks

----
Date: 2026-05-13T21:20:40.101Z
To: madiruba3@gmail.com
Subject: StudyFlow: Task overdue

Understand Bone Structure in Children is scheduled for 09:00.

Open: /tasks

----
Date: 2026-05-13T21:20:40.104Z
To: madiruba3@gmail.com
Subject: StudyFlow: Task overdue

Study Physeal Fractures in Children is scheduled for 12:15.

Open: /tasks

----
